<?xml version="1.0" encoding="utf-8"?><testsuites name="pytest tests"><testsuite name="pytest" errors="0" failures="0" skipped="0" tests="4" time="19.489" timestamp="2025-09-13T01:43:58.590441+03:00" hostname="DESKTOP-0C36N6H"><testcase classname="tests.test_login.Test_Login_SauceDemo" name="test_standard_user_login" time="4.411" /><testcase classname="tests.test_login.Test_Login_SauceDemo" name="test_locked_out_user_login" time="4.539" /><testcase classname="tests.test_login.Test_Login_SauceDemo" name="test_invalid_user_login" time="4.385" /><testcase classname="tests.test_products.Test_Products_SauceDemo" name="test_add_and_remove_products" time="5.743" /></testsuite></testsuites>